Gg, Gg, Gg, Re, Gs, Gg, Gg, Gg, Gg, Gg, Gg, Gg, Gg, Gg, Gg, Gs^Fp, Gs^Fms, Ww, Ww, Gs^Fp, Gg, Gs^Fp, Gg, Gg, Gg, Gg, Gg, Gg, Gg, Gs^Fds, Gs^Fds, Gs^Fds, Gg, Gg, Gg, Gg, Gg, Gg, Gs^Fds, Gg
Gg, Gg, Gd, Gs, Ce, Gd, Gg, Gg, Gg, Gg, Gs, Gg, Gg, Gg, Gg, Gs^Fp, Gs^Fp, Gs^Fp, Ww, Gs^Fms, Gg^Vh, Gs^Fp, Gg, Gg, Gg, Gg, Gg, Gs^Fms, Gg, Gs^Fms, Gs^Fds, Gs^Fds, Gg, Gg, Gg, Gg, Gg, Gg, Gs^Fds, Gg
Gg, Gs, Ce, 2 Ke, Ce, Gs, Gg, Gg, Hh, Hh, Hh, Hh, Gg^Vh, Gg, Gg, Gs^Fms, Gs^Fms, Gs^Fp, Gs^Fms, Gs^Fp, Gs^Fms, Gs^Fms, Gs^Fms, Gg, Gg, Gg, Gg, Gg, Gg, Gg, Gg, Gg^Vh, Hh, Gg, Gg, Gg, Gg, Gg, Gg, Gs^Fds
Gg, Gd, Re, Ce, Gs, Gs, Gg, Gg, Gg, Hh, Gs, Hh, Gg, Gg, Gg, Gg, Gg, Gs^Fp, Gg, Gs^Fp, Gs^Fp, Gg, Gs^Fp, Gs^Fp, Gg, Gg, Gg, Gg, Gs, Gg, Gg, Gg, Hh, Gs, Gg, Gg, Gg, Gg, Gg, Gs
Gg, Gs, Re, Gd, Gs, Gg, Gs, Gg, Gg, Gg, Gg, Gg, Gg, Gg, Gg, Gg, Gg, Gg, Gg, Gg, Gg, Gg, Gg, Gs^Fp, Gg, Gg, Gg, Gg, Gg, Gg, Gg, Hh, Gs, Hh, Hh, Gg, Gg, Gg, Gg, Gg
Gg, Gg, Gd, Re, Hh, Hh, Gg, Gg, Gg, Gg, Gg, Gg, Gg, Gg, Gg, Gg, Gg, Gg, Hh, Gg, Gg, Gg, Gg, Gg, Gs^Fms, Hh, Hh, Gs, Hh, Gg, Gg, Gg, Gg, Hh, Gg, Gg, Gg, Gs^Fds, Gg, Gg
Gg, Gg, Gg^Vh, Re, Gg, Gs, Gg, Gg, Gg, Gg, Gs, Gg, Gg, Gg^Efm, Gg, Gg, Gs, Hh, Gs, Hh, Gg, Gg, Gg, Gg, Gg, Gs^Fms, Gg, Hh, Gg, Hh, Gg, Gg, Gg, Gg, Gs, Gg, Gs, Gg, Gg, Gg^Efm
Gg, Gg, Re, Re, Gg, Gg, Gg, Gg, Gg, Gg, Gg, Gg, Gg, Gg, Gs^Fms, Gg, Gg, Gg, Gg, Gg, Gs^Fds, Gs^Fms, Gs^Fds, Gs^Fds, Gs^Fds, Gs^Fds, Gs^Fds, Gs^Fds, Gs^Fds, Gs^Fds, Gg, Gg, Gg, Gs, Gs, Gs, Gg, Gg, Gg, Gs
Gg, Gg, Re, Gs, Gg, Gg, Gg, Gg, Gg, Gg, Gg, Gg, Gs^Fds, Gs^Fds, Gs^Fds, Gs^Fds, Gg, Gg, Gs^Fds, Gs^Fds, Gs^Fds, Gs^Fds, Gs^Fds, Gs^Fds, Gs^Fds, Gs^Fds, Gs^Fds, Gs^Fds, Gg, Gg, Gg^Efm, Gg^Efm, Gg, Gs, Gg, Gg, Gg, Gg, Gg^Vh, Gg
Gg, Gg, Gg, Re, Re, Gg, Gg, Gg, Gg, Gg^Efm, Gg, Gg, Gs^Fds, Gs^Fds, Gs^Vl, Gg, Gg, Gg, Gg, Gs^Fds, Gg, Gg, Gg, Gs^Vc, Gs^Fds, Gs^Fds, Gg, Gg, Gg, Gs, Gg^Efm, Gg, Gg, Gg, Hh, Gg, Gg, Gg, Gg, Gg
Gg, Gg, Gg, Gs, Re, Gs, Gg, Gg, Gg, Gg, Gg, Gs^Fds, Gs^Fds, Gs^Fds, Gg, Gg, Re^Gvs, Re^Gvs, Re^Gvs, Gg, Gg, Gg, Re, Gg, Gs^Fds, Gs^Fds, Gs^Fds, Gg, Gg, Gs, Gs, Gg, Hh, Hh, Gg^Vh, Hh, Gg, Gg, Hh, Hh
Gg, Gg, Gg^Efm, Gs, Gs, Re, Gs, Gg, Gg, Gg, Gg, Gs^Fds, Gs^Fds, Gs^Fds, Gg, Gg, Re^Gvs, Re^Gvs, Gg, Gs^Vh, Re, Gg, Gg, Gs^Fds, Re^Gvs, Gs^Fds, Gs^Vh, Gs^Fds, Gs^Fds, Gs, Gs, Gg, Gg, Hh, Hh, Gg, Hh, Gg, Gg, Hh
Gg, Gg, Gg, Gg, Gg, Re, Re, Gg, Gg, Gg, Gg, Gs^Fds, Gg, Gs^Vl, Rd, Gg, Gs, Gg, Re, Re, Gs, Re, Gs, Gg, Re^Gvs, Re^Gvs, Re^Gvs, Gg, Gs^Fds, Gs, Gg, Gg, Gg, Gg, Gg, Gg, Gg, Gg, Gg, Hh
Gg, Gg, Gg, Gg, Gg, Gs, Re, Gs, Gg, Gg, Gg, Gg, Gg, Gs, Gs, Re, Re, Gs, Re, Gs, Ch, Gs, Rp, Gs, Gg, Re^Gvs, Gg, Gs, Gs, Gs, Gg, Gg, Gg, Gs, Gg, Gg, Gs^Fds, Gg, Gg, Gg
Hh, Hh, Hh, Gg, Gg, Gg, Re, Gs, Gs, Gg, Gs, Gg, Gs, Gs, Re, Re, Gs, Re, Rr, Ch, 1 Kh, Ch, Rr, Re, Re, Gs, Re, Re, Re, Gs, Gs, Gs, Gs, Gs, Gg, Gs^Fds, Gg, Gs^Fds, Gg, Gg
Hh, Hh, Hh, Gg, Gg, Gg, Gs, Rb, Rb, Rb, Re, Re, Re, Re, Gs, Gg, Gd, Ch, Rr^Vhc, Rrc, Rrc, Rrc, Rr^Vhc, Re, Gd, Re, Gs, Gs, Gs, Re, Re, Re, Re, Gs, Gs, Gg, Gg, Gs^Fds, Gg, Gg
Gg, Gg, Gg, Gg, Gg, Gg, Gs, Gg^Vh, Rb, Gs, Gs, Gd, Gs, Re, Rd, Gs, Gs, Ch, Rr, Rrc, Rr, Rrc, Re, Ch, Gs, Gs, Gs, Gg, Gs, Gs, Gs, Gs, Gs, Re, Re, Gs, Gs, Gg, Gg, Gg
Gg, Gg, Gs, Gg, Re, Gs, Re, Re, Gs, Gs, Gs^Fds, Gg, Gg, Gg, Gs, Re, Re, Re, Re, Ch, Rp, Ch, Re, Gd, Gs, Gg, Gs, Gs, Gs, Gg, Gg, Gg, Gg, Gs, Gs, Re, Re, Gg^Vh, Hh, Gg
Gs, Gs, Re, Re, Gs, Re, Gs, Gg, Gg, Gg, Gg, Gg, Gg, Gs^Fds, Gs^Vh, Rd, Gs, Gs, Gs, Gs, Gs, Gs, Gg, Re, Gg, Gg, Re^Gvs, Gg, Gg, Gg, Gg, Gg, Gs, Gs, Gg, Gs, Re, Gs, Gs, Hh
Re, Re, Gg, Gs, Gg, Gg, Gg, Gg^Efm, Gg, Gg, Gg, Gg, Gg, Gs^Fds, Gg, Gg, Gg, Gg, Gg, Gs, Gg, Gg, Re^Gvs, Re^Gvs, Re^Gvs, Re^Gvs, Re^Gvs, Gs^Fds, Gs^Vh, Gg, Gg, Gg, Gs, Gg, Gg, Gg, Gs, Re, Re, Gg
Gg, Gg, Gg, Gg, Gg, Gg, Gg, Gg, Gs^Fds, Gg, Gs^Fds, Gg, Gg, Gg, Gg, Gg, Gg, Gg, Gs^Fds, Gs^Vh, Gg, Gg, Gg, Re^Gvs, Re^Gvs, Re^Gvs, Gg, Gg, Gg, Gg, Gg, Gs^Fds, Gg, Gg, Gg, Gg, Gs^Fds, Gs, Re, Gs
Gg, Gg, Gg^Efm, Gg, Gg, Gg, Gg, Gs^Fds, Gg, Gs^Fds, Gg^Vh, Gs^Fds, Gg, Gg, Gg, Gg^Efm, Gg^Efm, Gg, Gs^Fds, Gs^Fds, Gs^Fds, Gs^Fds, Gs^Fds, Gs^Fds, Gg, Gg, Gg, Gg, Gs^Fds, Gg, Gg, Gg, Gg, Gg, Gg, Hh, Gs^Fds, Gg, Gs, Re
Gg, Gg, Gs, Gg, Gg, Gs^Fds, Gg, Gg, Gs^Fds, Gg, Gs^Fds, Gs^Fds, Gs^Fds, Gg, Gg, Gg, Gg, Gg, Gs^Fds, Gs^Fds, Gs^Fds, Gs^Fds, Gg, Gg, Gg, Gs, Gs^Fds, Gs^Fds, Gs^Fds, Gg, Gg, Gg^Efm, Gg, Gg, Gg, Hh, Hh, Gs^Fds, Gs, Re
Gg, Gg, Gg, Gg, Gg, Gs^Fds, Gs^Fds, Gg, Gs^Fds, Gg, Gs^Fds, Gs^Fds, Gs^Fds, Gs^Fds, Gg, Gs, Gs, Gg, Gg, Gg, Gg, Gg, Gg, Gg, Gs^Vh, Gg, Gg, Gg, Gg, Gg, Gg, Gg, Gg, Gs, Gs, Gg, Gg, Gg, Gs, Re
