Mm, Mm, Mm, Mm, Hh, Mm, Hh, Hh, Hh, Hh, Hh^Fp, Hh, Hh^Fp, Gs^Fp, Gs^Fp, Gll^Fp, Gll^Fp, Wwg, Wwf, Gs^Fp, Gg^Fp, Gs^Fp, Re, Gs, Gs, Gll^Fp, Gs^Fp, Gs^Fp, Gs^Fp, Gll^Fp, Gs^Fp, Gs^Fp, Gs^Fp, Gs, Gll^Fp, Gs, Re
Mm, 2 Kud, Cud, Mm, Mm, Hh, Hh, Hh, Gs^Fp, Gs^Fp, Gs^Fp, Hh^Fp, Gs^Fp, Gs^Fp, Gg^Efm, Gll^Fp, Gg, Wwf, Wwg, Wwf, Wwrg, Wwf, Wwrg, Re, Re, Gs, Gs^Fp, Gs^Fp, Gs^Fp, Gs^Fp, Gs^Fp, Gs^Fp, Gll^Edt, Gll^Fp, Re, Re, Gs^Fp
Mm, Cud, Mm, Mm, Mm, Mm, Mm, Hh, Wwg, Gg^Fp, Wwg, Gg^Fp, Wwg, Gg^Fp, Wwg, Wwg, Wwg, Wwrg, Gg, Gg, Gs, Gg, Gs, 1 Re, Gs, Re, Re, Gs^Fp, Gs^Fp, Gs^Fp, Gs^Fp, Gs^Fp, Re, Re, Re, Gll^Fp, Gs^Fp
Mm, Mm, Wwf, Wwg, Wwg, Wwg, Wwg, Wwg, Hh^Es, Wwg, Wwg, Wwg, Wwg, Wwg, Gll, Wwg, Gg^Fp, Gg^Fp, Gs^Fp, Gs^Fp, Gg^Efm, Gs^Efm, Gs^Fp, Re, Gs, Gs, Gs^Fp, Re, Re, Gs^Fp, Re, Re, Gll^Edt, Gll^Vo, Re, Gll, Gs^Fp
Mm, Wwf, Mm, Mm, Mm, Wwrg, Mm, Hh, Hh, Hh, Hh^Fp, Gs^Fp, Gll^Edt, Gll^Es, Re, Gll, Gll, Gs^Fp, Gs^Fp, Gs^Fp, Gs^Fp, Gg^Fp, Gs^Fp, Re, Gs^Fp, Gs^Fp, Gs^Fp, Re, Gs^Fp, Re, Gs^Fp, Gs^Fp, Gll, Gll^Edt, Gll, Re^Edt, Gs^Fp
Mm, Wwg, Mm, Mm, Mm, Mm, Mm, Hh, Hh^Es, Hh, Hh^Fp, Gs^Fp, Gll, Gll, Re, Gll^Edt, Re, Gll, Gll^Fp, Gll^Fp, Gll^Fp, Gs^Fp, Gs^Fp, Re, Gg^Fp, Gs^Fp, Gs^Fp, Re, Re, Gs^Fp, Gs^Fp, Gs^Fp, Gs^Fp, Gs^Fp, Gs^Fp, Re, Gs^Fp
Mm, Wwg, Wwg, Mm, Mm, Mm, Mm, Mm, Hh, Hh, Gll^Fp, Gll^Fp, Gll^Esd, Re, Gll^Vo, Rb, Gll, Re, Re, Re, Re, Gll^Fp, Re, Re, Gg^Fp, Gs^Fp, Gs^Fp, Gs^Fp, Gll^Fp, Re, Gll^Fp, Gs^Fp, Gs^Fp, Gs^Fp, Re, Re, Gs^Fp
Mm, Wwg, Wwrg, Mm, Mm, Mm, Mm, Mm, Hh, Hh, Re, Re, Gll^Fp, Gll^Edt, Gll, Re, Gll^Edt, Gll^Fp, Gll^Fp, Gll^Fp, Gg, Re, Gs^Efm, Re, Re, Gs^Fp, Gll, Gll^Fp, Re, Re, Gs^Fms, Gs^Fp, Gs^Fp, Gll^Fp, Re, Gll^Fp, Gs^Fp
Mm, Wwg, Hh, Mm, Mm, Mm, Mm, Mm, Hh, Re, Hh, Gll^Fp, Gll^Fp, Gs^Fp, Gs^Fp, Gll^Es, Hh, Gs^Fms, Hh^Fms, Hh^Fp, Hh, Hh, Hh, Gs^Efm, Re, Gll, Gll, Re, Gll, Gs^Fp, Gs^Fp, Gs^Fp, Gll^Fp, Re, Gll^Fp, Gs^Fp, Gs^Fp
Mm, Wwg, Wwg, Hh, Hh, Mm, Hh, Hh^Fp, Hh^Fp, Re, Re, Hh^Fp, Hh^Fp, Hh^Fp, Hh^Fp, Gs^Fp, Gs^Fp, Hh^Fp, Mm, Mm, Mm, Mm, Mm, Hh, Gll, Re, Re, Re, Gll^Es, Gs^Fp, Gll^Fp, Gs^Fp, Gll^Edt, Re, Gll^Fp, Gs^Fp, Gs^Fp
Hh, Hh, Hh, Wwg, Wwrg, Hh, Hh^Fp, Hh, Hh, Gs^Fp, Re, Gs^Fp, Gll^Fp, Hh^Fp, Hh^Fp, Hh^Fp, Hh^Fp, Hh^Fp, Hh^Fp, Mm, Mm, Mm, Hh, Hh, Re, Re, Gll, Re, Re, Gll, Gll^Edt, Gll, Re, Re, Gll^Fp, Gs^Fp, Gs^Fp
Gs^Fp, Gs^Fp, Hh, Wwg, Wwg, Hh^Fp, Wwf, Hh^Fp, Hh^Fp, Hh^Fp, Gs^Fp, Re, Re, Gll^Fp, Gll^Esd, Gll^Fp, Gll^Fp, Gs^Fp, Gll^Fp, Gs^Fp, Hh^Fp, Hh^Fp, Gll^Fp, Gll, Re, Gd, Gd, Gd, Gll^Esd, Re, Rb, Re, Gll, Gll^Es, Gs^Fp, Gs^Fp, Gs^Fp
Hh, Hh^Fp, Hh^Fp, Hh^Fp, Gll^Fp, Wwf, Wwf, Wwg, Wwg, Hh^Fp, Gs^Fp, Gll^Fp, Re, Gll^Edt, Gll, Gll, Gll^Edt, Gll^Es, Gll, Gll^Fp, Gll^Fp, Gll^Fp, Gd, Re, Gll, Gll, Gll, Gll^Fp, Gll^Fp, Gll^Es, Gll^Vo, Gll^Edt, Gs^Fp, Gs^Fp, Gs^Fp, Gs^Fp, Hh^Fp
Hh, Hh, Gs^Fp, Gll^Fp, Gll^Edt, Gll^Edt, Gll^Es, Gll^Edt, Wwg, Wwg, Gll^Fp, Re, Gll^Dr, Gll, Gll^Es, Gll^Vo, Gll^Es, Gll^Edt, Gll, Gs, Gs, Gs, Re, Re, Gll^Edt, Gll^Es, Gll^Edt, Gll^Fp, Gll^Fp, Gll, Gll^Es, Gll^Edt, Gll^Edt, Gs^Fp, Gs^Fp, Hh^Fp, Hh^Fp
Hh, Hh, Gll^Fp, Gll^Fp, Gll^Es, Gll^Esd, Rb^Edt, Re, Re, Wwg, Re, Re, Re, Gll^Edt, Gll^Esd, Rb, Gll, Gll, Gd, Gg^Fp, Gs, Gd, Re, Gs, Re, Rb^Dr, Gll^Esd, Gll, Gll^Fp, Gll^Fp, Gll^Fp, Gs^Fp, Gs^Fp, Gs^Fp, Hh^Fp, Hh^Fp, Hh^Fp
Hh^Fp, Hh^Fp, Gs^Fp, Gll^Edt, Re, Gll^Vo, Gll^Es, Gll, Wwg, Wwg^Bw\, Gll, Gll, Gll, Re, Re, Re, Gs, Gs, Re^Edt, Gll, Gll, Re^Edt, Re, Gs, Gs, Re, Gll^Es, Gll, Gll^Fp, Gs^Fp, Gs^Fp, Gs^Fp, Hh^Fp, Hh^Fp, Hh^Fp, Gs^Fp, Gs^Fp
Gll^Fp, Gs^Fp, Re, Re, Gg^Fp, Gll, Gll, Gll^Fp, Wwg, Wwg, Gll, Gll^Es, Gll, Gd, Cer, Gd, Gll, Gs, Re^Edt, Rb, Re, Re, Gs, Gs, Gs, Gs, Gll, Gll, Gll^Fp, Gs^Fp, Gs^Fp, Hh^Fp, Gs^Fp, Hh^Fp, Hh^Fp, Gs^Fp, Gs^Fp
Re, Re, Gg^Fp, Gg^Fp, Gg^Fp, Gg^Fp, Wwg, Wwg, Wwg, Wwf, Gs, Gs, Re, Cer, Rb, Re^Edt, Rb, Gll, Re, Re, Cer, Gd, Cer, Gll, Gll, Gd, Gll^Fp, Gll^Fp, Gs^Fp, Gs^Fp, Gs^Fp, Gs^Fp, Gll, Gs^Fp, Hh^Fp, Gs^Fp, Gs^Fp
Gs^Fp, Gs^Fp, Gs^Fp, Gs^Fp, Hh^Fp, Wwg, Gs, Gg^Efm, Gs, Gg^Efm, Gs^Efm, Gll, Gll, Re, Re^Edt, Rb^Dr, Re, Rb, Re, Re, Gll, Cer, Gd, Gll^Edt, Gs, Gll^Efm, Re, Gll^Fp, Gs^Fp, Gs^Fp, Gll, Gll^Es, Gll^Edt, Gs^Fp, Hh^Fp, Gs^Fp, Gs^Fp
Hh^Fp, Hh^Fp, Hh, Hh^Fp, Hh^Fp, Wwg, Wwg, Gd, Gs^Fp, Gd, Gd, Gd, Gll, Gd, Re, Re, Cer, Rb, Cer, Re^Edt, Gll^Edt, Gll, Gll^Efm, Re, Re, Re, Gll^Efm, Re, Re, Gs^Fp, Rb, Gll^Vo, Gll^Es, Gs^Fp, Gs^Fp, Gs^Fp, Gs^Fp
Hh, Hh, Mm, Hh^Fp, Hh^Fp, Wwg, Wwg, Gg, Hh^Fp, Hh, Gll, Cer, Cer, Rb, Re, Cer, 3 Ket, Rb^Dr, Ce, Re^Edt, Re, Gll, Re, Re, Gs, Gs, Gll, Gs^Fp, Gs^Fp, Re, Gs^Fp, Gll^Es, Gll^Fp, Gll, Gs^Fp, Gs^Fp, Gs^Fp
Mm, Mm, Mm, Mm, Hh^Fp, Hh^Fp, Hh^Fp, Wwg, Wwrg, Hh^Es, Gll, Gll, Rb, Rb, Re, Cer, Ce, Rb^Edt, Cer, Gd^Edt, Re, Re, Ce, Gs, Gs, Gs, Gll, Gll^Edt, Gll^Edt, Gs^Fp, Gs^Fp, Gll, Gs^Fp, Gll, Gs^Fp, Gs^Fp, Gs^Fp
Mm, Mm, Mm, Hh^Fp, Hh^Fp, Hh^Fp, Gd, Wwg, Wwg, Hh, Gg, Gll, Re, Re, Re^Esd, Rb, Re^Edt, Re, Gd, Re, Re, Re, Re, Gll, Hh, Gs, Rb, Gll^Edt, Gll^Edt, Gs^Fp, Gs^Fp, Gs^Fp, Gs^Fp, Gs^Fp, Gs^Fp, Hh^Fp, Gs^Fp
Gs^Fp, Mm, Hh, Hh^Es, Hh^Fp, Gd, Gs^Fp, Hh^Fp, Wwg, Wwg, Gs^Efm, Re, Re, Re^Dr, Rb, Re, Re, Re, Re, Re, Re, Rb, Cer, Gll, Gll, Hh, Gg, Gd^Vo, Re, Gs^Fp, Gs^Fp, Hh^Fp, Hh^Fp, Hh^Fp, Hh^Fp, Hh^Fp, Gs^Fp
Mm, Hh^Es, Hh, Hh, Gs^Fp, Gs^Fp, Gs^Fp, Hh, Wwg, Wwg, Gg^Efm, Re, Gd, Cer, Cer, Re, Re, Rb, Re, Ce, Ce, Re, Gll, Gll, Hh, Hh^Fp, Hh^Fp, Gs^Fp, Gs^Fp, Re, Hh^Fp, Hh^Fp, Hh^Fp, Gs^Fp, Hh^Fp, Hh^Fp, Gs^Fp
Hh, Hh, Hh, Gs^Fp, Gs, Gs, Gs^Efm, Gg, Wwg, Wwg, Re, Re, Re, Gs, Gs, Re, Ce, Cer, Re, Re, Re, Gll, Gll, Gll, Gs^Fp, Hh^Fp, Hh^Fp, Gs^Fp, Gs^Fp, Re, Hh^Fp, Mm, Mm, Hh^Fp, Mm, Hh^Fp, Gs^Fp
Hh, Hh^Fp, Gs^Fp, Gs^Fp, Gs, Gs^Fp, Gg, Wwg, Wwg^Bw/, Re, Gg, Re, Re, Re, Gg, Gs, Gg, Gs, Gg, Gd, Hh, Re, Re, Gs^Fp, Gs^Fp, Gs^Fp, Hh^Fp, Hh^Fp, Hh^Fp, Re, Hh^Fp, Hh, Hh, Mm, Mm, Hh^Fp, Gs^Fp
Hh, Hh^Fp, Gs^Fp, Gs, Gs^Fp, Gs^Fp, Re, Re, Wwg, Wwg, Wwg, Gg^Efm, Gg, Gs, Rb^Gvs, Rb^Gvs, Rb^Gvs, Gs^Efm, Rb^Gvs, Gs^Es, Gg, Gs, Gs^Fp, Re, Re, Gs^Fp, Gs^Fp, Hh^Fp, Gs^Fp, Gll, Gll, Hh, Mm, Hh, Mm, Mm, Gs^Fp
Hh, Hh^Fp, Gs^Fp, Gs, Gs, Gs^Efm, Re, Gs, Gg, Wwg, Wwg, Wwg, Wwg, Rb^Gvs, Wwg, Rb^Vo, Wwg, Rb^Gvs, Rb^Gvs, Rb^Gvs, Wwrg, Gg, Gg^Fp, Gs^Fp, Gs^Fp, Re, Re, Gs^Fp, Gll, Gll, Gll^Edt, Gs^Fp, Hh, Mm, Mm, Mm, Gs^Fp
Hh^Fp, Hh^Fp, Gs^Fp, Gs^Fp, Gs, Gs^Efm, Re, Hh, Gs, Gg, Gg^Efm, Wwg, Wwg, Wwg, Wwg, Wwg, Wwg, Wwg, Wwg, Wwg, Wwg, Wwg, Wwg, Gg^Fp, Re, Re, Gs^Fp, Re, Gs^Fp, Gll, Gll^Edt, Hh^Fp, Hh^Fp, Mm, Hh, Hh, Gs^Fp
Hh^Fp, Hh^Fp, Gs^Fp, Gs^Fp, Gs^Fp, Gs, Re, Re, Re, Gs^Efm, Gs, Gg^Efm, Gg, Gg^Es, Gg^Efm, Wwrg, Gs, Wwg, Wwf, Wwg, Hh, Wwg, Wwg^Bw/, Re, Gg^Fp, Gs^Fp, Gs^Fp, Re, Re, Gs^Fp, Gll, Gll, Hh, Hh, Hh^Es, Hh^Fp, Mm
Gs^Fp, Hh^Fp, Hh^Fp, Hh, Gs^Fp, Gs^Fp, Re, Gll^Vo, Gll^Edt, Re, Re, Gs, Gs, Gs, Re, Gg, Gs^Efm, Gg, Gs, Gg^Efm, Gg, Re, Wwg, Wwg, Wwg, Gg^Fp, Gg^Fp, Gs^Fp, Re, Gs^Fp, Hh^Fp, Hh^Fp, Hh, Hh, Hh, Hh, Mm
Gs^Fp, Gs^Fp, Hh^Fp, Hh^Fp, Hh, Gs^Fp, Re, Gll, Gll, Gll^Edt, Hh, Hh^Es, Re^Es, Hh, Hh, Hh, Re, Re, Re, Re, Gs^Fp, Hh, Hh, Wwg, Wwg, Wwf, Gg^Fp, Gg^Fp, Re, Hh^Fp, Hh^Fp, Mm, Mm, Hh, Mm, Mm, Mm
Gll, Gll^Edt, Gll, Hh^Fp, Hh^Fp, Re, Gll, Gll^Edt, Hh, Hh, Hh, Mm, Mm, Mm, Mm, Hh^Es, Hh, Gs, Re, Gs, Hh^Fp, Mm, Mm, Hh, Wwg, Wwg, Wwf, Gg^Fp, Re, Gs^Fp, Hh^Fp, Hh^Fp, Hh, Mm, Mm, Mm, Mm
Gs^Fp, Gll, Cer, Gll, Re, Gll^Dr, Gll, Gll, Gll, Mm, Hh, Hh, Mm, Mm, Mm, Hh, Hh, Cer, Re, Rb, Hh, Mm, Mm, Hh, Hh, Wwg, Wwg, Gg^Fp, Gs^Fp, Re, Gs^Fp, Hh^Fp, Hh^Fp, Mm, Mm, Mm, Mm
Gll^Fp, Gll, Cer, Cer, Re, Re, Rb, Cer, Cer, Gll^Edt, Gll, Gll^Fp, Hh, Mm, Mm, Mm, Hh, Rb, Re, Rb, Rb, Gll^Fp, Mm, Mm, Hh, Wwg, Wwg^Es, Gg^Fp, Gs^Fp, Re, Re, Gll, Gll^Vo, Hh, Hh, Mm, Mm
Gll^Fp, Gll^Fp, Re, Re, Rb, Re, Re, Rb, Cer, Gll, Hh, Gll^Fp, Hh, Mm, Mm, Mm, Hh, Re, Rb, Cer, Cer, Hh, Mm, Hh, Wwrg, Wwg, Wwg, Gg^Fp, Re, Re, Gs^Fp, Gll^Edt, Gll, Gll^Edt, Hh^Fp, Mm, Mm
Gll^Fp, Re^Edt, Re, Re, Cer, Rb, Re, Re, Gll^Edt, Gll, Hh, Hh^Es, Hh, Hh^Es, Mm, Mm, Hh^Fp, Gll^Edt, Re, Re, Rb, Hh, Hh, Hh, Wwg, Wwg, Gg^Fp, Gg^Fp, Re, Gs, Gs^Fp, Hh^Fp, Hh, Hh^Fp, Hh, Hh, Mm
Gll^Fp, Gll^Fp, Re, Rb^Dr, Cer, Cer, Re, Re, Hh, Gll, Hh^Es, Hh, Mm, Mm, Mm, Mm, Gll^Dr, Rb, Cer, Re, Re, Gll, Gll, Hh, Wwg, Wwg, Gg^Fp, Gs^Fp, Gs^Fp, Re, Gll^Edt, Gs^Fp, Gs^Fp, Hh^Fp, Hh, Hh^Es, Mm
Gll^Fp, Re^Edt, Re, Re, Re, Re, Re, Hh, Re, Hh, Hh^Es, Hh, Hh, Mm, Hh, Gll, Re, Rb, Cer, Cer, Re, Gll^Edt, Gll^Fp, Wwf, Wwg, Wwg, Gg^Fp, Gs^Fp, Re, Re, Gll^Vo, Gll, Hh, Gs^Fp, Hh, Hh, Hh
Gll^Fp, Re, Re, Cer, Rb, Re^Edt, Re, Re, Hh, Re, Re, Gll^Fp, Gll^Fp, Hh, Gll^Fp, Hh, Re, Rb, Cer, Ket, Cer, Re, Gg^Efm, Wwg, Wwg, Gg^Fp, Gg^Fp, Gs^Fp, Re, Gll^Edt, Gll^Edt, Hh^Fp, Hh^Fp, Hh^Fp, Hh^Fp, Hh, Mm
Re, Re, Cer, Cer, Rb^Dr, Hh, Hh, Gs, Hh, Hh, Gll^Fp, Re, Re, Re, Re, Gll^Fp, Re, Re, Re, Re, Cer, Re, Gll, Wwg, Wwg, Wwg, Wwf, Re, Gs^Fp, Gs^Fp, Gs^Fp, Hh, Hh, Hh^Fp, Hh^Fp, Hh, Mm
Re, Rb, Cer, Ket, Cer, Re, Hh, Hh, Mm, Hh, Hh, Gll^Fp, Gll^Fp, Re, Gll^Vo, Re, Re, Re, Gll^Dr, Re, Gll, Gll, Gll^Edt, Gll^Vo, Gll, Wwf, Wwf, Wwf, Hh, Gs^Fp, Gs^Fp, Gs^Fp, Hh^Fp, Hh, Hh, Hh, Mm
Gll^Fp, Re, Re, Cer, Re^Edt, Re, Hh, Mm, Mm, Mm, Hh, Gll^Fp, Gll^Fp, Gll^Edt, Gll^Edt, Re, Gll^Fp, Gll^Edt, Gll, Gll^Edt, Hh, Gll, Gll, Gll^Edt, Gll, Gll, Wwg, Wwg, Wwrg, Gs^Fp, Hh, Hh^Fp, Hh, Hh^Es, Mm, Mm, Mm
Re, Re, Re, Re, Gll^Fp, Re, Gll^Fp, Hh, Mm, Mm, Mm, Hh^Es, Hh, Gll^Fp, Gll^Fp, Re, Gll^Fp, Gll^Fp, Gll^Fp, Gll^Edt, Hh^Fp, Gll^Fp, Hh, Gll, Hh, Hh^Fp, Hh^Fp, Wwg, Wwg, Hh, Mm, Hh, Mm, Mm, Mm, Mm, Mm
Gs, Gll^Fp, Gll^Fp, Gll^Fp, Gs, Gll^Fp, Hh, Hh, Mm, Mm, Mm, Hh, Mm, Hh, Gll^Fp, Gs, Re, Gll^Fp, Gs, Hh^Fp, Gs, Hh, Hh, Hh^Fp, Mm, Mm, Mm, Wwg, Wwg, Mm, Mm, Mm, Mm, Mm, Mm, Mm, Mm
